drop schema if exists orcaudftest cascade;
NOTICE:  schema "orcaudftest" does not exist, skipping
create schema orcaudftest;
-- start_ignore
\set Udflib `echo "$HAWQ_HOME/lib/libgpoptudf.dylib"`
-- end_ignore
create function orcaudftest.EvalExprFromDXLFile(text) returns text as :'Udflib', 'EvalExprFromDXLFile' language c strict;
create function orcaudftest.OptimizeMinidumpFromFile(text) returns text as :'Udflib', 'OptimizeMinidumpFromFile' language c strict;
create function orcaudftest.ExecuteMinidumpFromFile(text) returns text as :'Udflib', 'ExecuteMinidumpFromFile' language c strict;
-- EvalExprFromDXLFile
\set Mypath `pwd`'/udf_input/s01_const_int.xml'
select orcaudftest.EvalExprFromDXLFile(:'Mypath');
                                  evalexprfromdxlfile                                  
---------------------------------------------------------------------------------------
 <?xml version="1.0" encoding="UTF-8"?>                                                
 <dxl:DXLMessage xmlns:dxl="http://greenplum.com/dxl/2010/12/">                        
   <dxl:ScalarExpr>                                                                    
     <dxl:ConstValue TypeMdid="0.23.1.0" IsNull="false" IsByValue="true" Value="111"/> 
   </dxl:ScalarExpr>                                                                   
 </dxl:DXLMessage>                                                                     
 
(1 row)

\set Mypath `pwd`'/udf_input/s02_const_string.xml'
select orcaudftest.EvalExprFromDXLFile(:'Mypath');
                                                    evalexprfromdxlfile                                                    
---------------------------------------------------------------------------------------------------------------------------
 <?xml version="1.0" encoding="UTF-8"?>                                                                                    
 <dxl:DXLMessage xmlns:dxl="http://greenplum.com/dxl/2010/12/">                                                            
   <dxl:ScalarExpr>                                                                                                        
     <dxl:ConstValue TypeMdid="0.25.1.0" IsNull="false" IsByValue="false" Value="AAAAClRob21hcw==" LintValue="278553470"/> 
   </dxl:ScalarExpr>                                                                                                       
 </dxl:DXLMessage>                                                                                                         
 
(1 row)

\set Mypath `pwd`'/udf_input/s03_add.xml'
select orcaudftest.EvalExprFromDXLFile(:'Mypath');
                                 evalexprfromdxlfile                                 
-------------------------------------------------------------------------------------
 <?xml version="1.0" encoding="UTF-8"?>                                              
 <dxl:DXLMessage xmlns:dxl="http://greenplum.com/dxl/2010/12/">                      
   <dxl:ScalarExpr>                                                                  
     <dxl:ConstValue TypeMdid="0.23.1.0" IsNull="false" IsByValue="true" Value="8"/> 
   </dxl:ScalarExpr>                                                                 
 </dxl:DXLMessage>                                                                   
 
(1 row)

\set Mypath `pwd`'/udf_input/s04_length.xml'
select orcaudftest.EvalExprFromDXLFile(:'Mypath');
                                 evalexprfromdxlfile                                 
-------------------------------------------------------------------------------------
 <?xml version="1.0" encoding="UTF-8"?>                                              
 <dxl:DXLMessage xmlns:dxl="http://greenplum.com/dxl/2010/12/">                      
   <dxl:ScalarExpr>                                                                  
     <dxl:ConstValue TypeMdid="0.23.1.0" IsNull="false" IsByValue="true" Value="6"/> 
   </dxl:ScalarExpr>                                                                 
 </dxl:DXLMessage>                                                                   
 
(1 row)

\set Mypath `pwd`'/udf_input/s05_position.xml'
select orcaudftest.EvalExprFromDXLFile(:'Mypath');
                                 evalexprfromdxlfile                                 
-------------------------------------------------------------------------------------
 <?xml version="1.0" encoding="UTF-8"?>                                              
 <dxl:DXLMessage xmlns:dxl="http://greenplum.com/dxl/2010/12/">                      
   <dxl:ScalarExpr>                                                                  
     <dxl:ConstValue TypeMdid="0.23.1.0" IsNull="false" IsByValue="true" Value="3"/> 
   </dxl:ScalarExpr>                                                                 
 </dxl:DXLMessage>                                                                   
 
(1 row)

\set Mypath `pwd`'/udf_input/s06_nested_string_funcs.xml'
select orcaudftest.EvalExprFromDXLFile(:'Mypath');
                                                evalexprfromdxlfile                                                
-------------------------------------------------------------------------------------------------------------------
 <?xml version="1.0" encoding="UTF-8"?>                                                                            
 <dxl:DXLMessage xmlns:dxl="http://greenplum.com/dxl/2010/12/">                                                    
   <dxl:ScalarExpr>                                                                                                
     <dxl:ConstValue TypeMdid="0.25.1.0" IsNull="false" IsByValue="false" Value="AAAABm9t" LintValue="588882732"/> 
   </dxl:ScalarExpr>                                                                                               
 </dxl:DXLMessage>                                                                                                 
 
(1 row)

\set Mypath `pwd`'/udf_input/s07_non_const_expr.xml'
-- set client_min_messages= 'log';
select orcaudftest.EvalExprFromDXLFile(:'Mypath');
NOTICE:  Found non const expression. Please check log for more information.
 evalexprfromdxlfile 
---------------------
 
(1 row)

-- OptimizeMinidumpFromFile
\set Mypath `pwd`'/udf_input/exec01_const_int.mdp'
select orcaudftest.OptimizeMinidumpFromFile(:'Mypath');
                                    optimizeminidumpfromfile                                    
------------------------------------------------------------------------------------------------
 <?xml version="1.0" encoding="UTF-8"?>                                                         
 <dxl:DXLMessage xmlns:dxl="http://greenplum.com/dxl/2010/12/">                                 
   <dxl:Plan Id="0" SpaceSize="0">                                                              
     <dxl:Result>                                                                               
       <dxl:Properties>                                                                         
         <dxl:Cost StartupCost="0" TotalCost="0.000005" Rows="1.000000" Width="4"/>             
       </dxl:Properties>                                                                        
       <dxl:ProjList>                                                                           
         <dxl:ProjElem ColId="1" Alias="?column?">                                              
           <dxl:ConstValue TypeMdid="0.23.1.0" IsNull="false" IsByValue="true" Value="1"/>      
         </dxl:ProjElem>                                                                        
       </dxl:ProjList>                                                                          
       <dxl:Filter/>                                                                            
       <dxl:OneTimeFilter/>                                                                     
       <dxl:Result>                                                                             
         <dxl:Properties>                                                                       
           <dxl:Cost StartupCost="0" TotalCost="0.000001" Rows="1.000000" Width="1"/>           
         </dxl:Properties>                                                                      
         <dxl:ProjList>                                                                         
           <dxl:ProjElem ColId="0" Alias="">                                                    
             <dxl:ConstValue TypeMdid="0.16.1.0" IsNull="false" IsByValue="true" Value="true"/> 
           </dxl:ProjElem>                                                                      
         </dxl:ProjList>                                                                        
         <dxl:Filter/>                                                                          
         <dxl:OneTimeFilter/>                                                                   
       </dxl:Result>                                                                            
     </dxl:Result>                                                                              
   </dxl:Plan>                                                                                  
 </dxl:DXLMessage>                                                                              
 
(1 row)

\set Mypath `pwd`'/udf_input/exec02_const_text.mdp'
select orcaudftest.OptimizeMinidumpFromFile(:'Mypath');
                                                    optimizeminidumpfromfile                                                     
---------------------------------------------------------------------------------------------------------------------------------
 <?xml version="1.0" encoding="UTF-8"?>                                                                                          
 <dxl:DXLMessage xmlns:dxl="http://greenplum.com/dxl/2010/12/">                                                                  
   <dxl:Plan Id="0" SpaceSize="0">                                                                                               
     <dxl:Result>                                                                                                                
       <dxl:Properties>                                                                                                          
         <dxl:Cost StartupCost="0" TotalCost="0.000009" Rows="1.000000" Width="8"/>                                              
       </dxl:Properties>                                                                                                         
       <dxl:ProjList>                                                                                                            
         <dxl:ProjElem ColId="1" Alias="text">                                                                                   
           <dxl:ConstValue TypeMdid="0.25.1.0" IsNull="false" IsByValue="false" Value="AAAACmZvb2Jhcg==" LintValue="322061118"/> 
         </dxl:ProjElem>                                                                                                         
       </dxl:ProjList>                                                                                                           
       <dxl:Filter/>                                                                                                             
       <dxl:OneTimeFilter/>                                                                                                      
       <dxl:Result>                                                                                                              
         <dxl:Properties>                                                                                                        
           <dxl:Cost StartupCost="0" TotalCost="0.000001" Rows="1.000000" Width="1"/>                                            
         </dxl:Properties>                                                                                                       
         <dxl:ProjList>                                                                                                          
           <dxl:ProjElem ColId="0" Alias="">                                                                                     
             <dxl:ConstValue TypeMdid="0.16.1.0" IsNull="false" IsByValue="true" Value="true"/>                                  
           </dxl:ProjElem>                                                                                                       
         </dxl:ProjList>                                                                                                         
         <dxl:Filter/>                                                                                                           
         <dxl:OneTimeFilter/>                                                                                                    
       </dxl:Result>                                                                                                             
     </dxl:Result>                                                                                                               
   </dxl:Plan>                                                                                                                   
 </dxl:DXLMessage>                                                                                                               
 
(1 row)

\set Mypath `pwd`'/udf_input/exec03_add.mdp'
select orcaudftest.OptimizeMinidumpFromFile(:'Mypath');
                                    optimizeminidumpfromfile                                    
------------------------------------------------------------------------------------------------
 <?xml version="1.0" encoding="UTF-8"?>                                                         
 <dxl:DXLMessage xmlns:dxl="http://greenplum.com/dxl/2010/12/">                                 
   <dxl:Plan Id="0" SpaceSize="0">                                                              
     <dxl:Result>                                                                               
       <dxl:Properties>                                                                         
         <dxl:Cost StartupCost="0" TotalCost="0.000005" Rows="1.000000" Width="4"/>             
       </dxl:Properties>                                                                        
       <dxl:ProjList>                                                                           
         <dxl:ProjElem ColId="1" Alias="?column?">                                              
           <dxl:OpExpr OperatorName="+" OperatorMdid="0.551.1.0" OperatorType="0.23.1.0">       
             <dxl:ConstValue TypeMdid="0.23.1.0" IsNull="false" IsByValue="true" Value="3"/>    
             <dxl:ConstValue TypeMdid="0.23.1.0" IsNull="false" IsByValue="true" Value="5"/>    
           </dxl:OpExpr>                                                                        
         </dxl:ProjElem>                                                                        
       </dxl:ProjList>                                                                          
       <dxl:Filter/>                                                                            
       <dxl:OneTimeFilter/>                                                                     
       <dxl:Result>                                                                             
         <dxl:Properties>                                                                       
           <dxl:Cost StartupCost="0" TotalCost="0.000001" Rows="1.000000" Width="1"/>           
         </dxl:Properties>                                                                      
         <dxl:ProjList>                                                                         
           <dxl:ProjElem ColId="0" Alias="">                                                    
             <dxl:ConstValue TypeMdid="0.16.1.0" IsNull="false" IsByValue="true" Value="true"/> 
           </dxl:ProjElem>                                                                      
         </dxl:ProjList>                                                                        
         <dxl:Filter/>                                                                          
         <dxl:OneTimeFilter/>                                                                   
       </dxl:Result>                                                                            
     </dxl:Result>                                                                              
   </dxl:Plan>                                                                                  
 </dxl:DXLMessage>                                                                              
 
(1 row)

-- ExecuteMinidumpFromFile
\set Mypath `pwd`'/udf_input/exec01_const_int.mdp'
select orcaudftest.ExecuteMinidumpFromFile(:'Mypath');
NOTICE:  Executing thawed plan...
 executeminidumpfromfile 
-------------------------
 processed 1 rows
(1 row)

\set Mypath `pwd`'/udf_input/exec02_const_text.mdp'
select orcaudftest.ExecuteMinidumpFromFile(:'Mypath');
NOTICE:  Executing thawed plan...
 executeminidumpfromfile 
-------------------------
 processed 1 rows
(1 row)

\set Mypath `pwd`'/udf_input/exec03_add.mdp'
select orcaudftest.ExecuteMinidumpFromFile(:'Mypath');
NOTICE:  Executing thawed plan...
 executeminidumpfromfile 
-------------------------
 processed 1 rows
(1 row)

